// Jest Snapshot v1, https://goo.gl/fbAQLP

exports[`Footer component renders Footer 1`] = `
<footer>
  <p>
    Built by Joseph Tatum
  </p>
</footer>
`;
